[UTIL]   running in SA mode (no --phy-test, --do-ra, --nsa option present)
[0m[OPT]   OPT disabled
[0m[HW]   Version: Branch: HEAD Abrev. Hash: 60b0c1827d Date: Wed Mar 12 07:41:54 2025 +0000
[0m[GNB_APP]   Initialized RAN Context: RC.nb_nr_inst = 1, RC.nb_nr_macrlc_inst = 1, RC.nb_nr_L1_inst = 1, RC.nb_RU = 1, RC.nb_nr_CC[0] = 1
[0m[NR_PHY]   Initializing gNB RAN context: RC.nb_nr_L1_inst = 1 
[0m[NR_PHY]   Registered with MAC interface module (0x4e45ec0)
[0m[NR_PHY]   Initializing NR L1: RC.nb_nr_L1_inst = 1
[0m[NR_PHY]   L1_RX_THREAD_CORE 8 (15)
[0m[NR_PHY]   TX_AMP = 3276 (-20 dBFS)
[0m[PHY]   No prs_config configuration found..!!
[0m[GNB_APP]   pdsch_AntennaPorts N1 1 N2 1 XP 1 pusch_AntennaPorts 1
[0m[GNB_APP]   minTXRXTIME 6
[0m[GNB_APP]   SIB1 TDA 1
[0m[GNB_APP]   CSI-RS 0, SRS 0, 256 QAM force off, delta_MCS off, maxMIMO_Layers -1, HARQ feedback enabled, num DLHARQ:16, num ULHARQ:16
[0m[GNB_APP]   sr_ProhibitTimer 0, sr_TransMax 64, sr_ProhibitTimer_v1700 0, t300 400, t301 400, t310 2000, n310 10, t311 3000, n311 1, t319 400
[0m[NR_MAC]   Candidates per PDCCH aggregation level on UESS: L1: 0, L2: 2, L4: 0, L8: 0, L16: 0
[0m[RRC]   Read in ServingCellConfigCommon (PhysCellId 0, ABSFREQSSB 630048, DLBand 100, ABSFREQPOINTA 626772, DLBW 273,RACH_TargetReceivedPower -104
[0m
Assertion (i >= 0 && i < (sizeof(nr_bandtable)/sizeof(*(nr_bandtable)))) failed!
In get_nr_table_idx() ../../../common/utils/nr/nr_common.c:790
band is not existing: 100

Exiting execution
CMDLINE: "./nr-softmodem" "-O" "../../../targets/PROJECTS/GENERIC-NR-5GC/CONF/fata/ru_test_conf/9_du_gnb_liteon_dl_frequencyBand_v4.conf" "--thread-pool" "9,11,13,15" 
[CONFIG] function config_libconfig_init returned 0
../../../common/utils/nr/nr_common.c:790 get_nr_table_idx() Exiting OAI softmodem: _Assert_Exit_
