[UTIL]   running in SA mode (no --phy-test, --do-ra, --nsa option present)
[0m[OPT]   OPT disabled
[0m[HW]   Version: Branch: HEAD Abrev. Hash: 60b0c1827d Date: Wed Mar 12 07:41:54 2025 +0000
[0m[GNB_APP]   Initialized RAN Context: RC.nb_nr_inst = 1, RC.nb_nr_macrlc_inst = 1, RC.nb_nr_L1_inst = 1, RC.nb_RU = 1, RC.nb_nr_CC[0] = 1
[0m[NR_PHY]   Initializing gNB RAN context: RC.nb_nr_L1_inst = 1 
[0m[NR_PHY]   Registered with MAC interface module (0x4a53020)
[0m[NR_PHY]   Initializing NR L1: RC.nb_nr_L1_inst = 1
[0m[NR_PHY]   L1_RX_THREAD_CORE 8 (15)
[0m[NR_PHY]   TX_AMP = 3276 (-20 dBFS)
[0m[PHY]   No prs_config configuration found..!!
[0m[GNB_APP]   pdsch_AntennaPorts N1 1 N2 1 XP 2 pusch_AntennaPorts 2
[0m[GNB_APP]   minTXRXTIME 6
[0m[GNB_APP]   SIB1 TDA 15
[0m[GNB_APP]   CSI-RS 0, SRS 0, 256 QAM force off, delta_MCS off, maxMIMO_Layers -1, HARQ feedback enabled, num DLHARQ:16, num ULHARQ:16
[0m[GNB_APP]   sr_ProhibitTimer 0, sr_TransMax 64, sr_ProhibitTimer_v1700 0, t300 400, t301 400, t310 2000, n310 10, t311 3000, n311 1, t319 400
[0m[NR_MAC]   Candidates per PDCCH aggregation level on UESS: L1: 0, L2: 2, L4: 0, L8: 0, L16: 0
[0m[RRC]   Read in ServingCellConfigCommon (PhysCellId 0, ABSFREQSSB 223252775, DLBand 78, ABSFREQPOINTA 626772, DLBW 273,RACH_TargetReceivedPower -104
[0m[1;31m[NR_MAC]   nrarfcn 223252775 is not on the channel raster for step size 2
[0m[RRC]   absoluteFrequencySSB -231704981209 corresponds to 1116263875000 Hz
[0m
Assertion ((freq - 24250080000) % 17280000 == 0) failed!
In check_ssb_raster() ../../../common/utils/nr/nr_common.c:406
SSB frequency 1116263875000 Hz not on the synchronization raster (24250.08 MHz + N * 17.28 MHz)

Exiting execution
CMDLINE: "./nr-softmodem" "-O" "../../../targets/PROJECTS/GENERIC-NR-5GC/CONF/johnson/debug_case_du/7_du_gnb_absFreqSSB_invalid.conf" "--thread-pool" "9,11,13,15" 
[CONFIG] function config_libconfig_init returned 0
../../../common/utils/nr/nr_common.c:406 check_ssb_raster() Exiting OAI softmodem: _Assert_Exit_
