[UTIL]   running in SA mode (no --phy-test, --do-ra, --nsa option present)
[0m[OPT]   OPT disabled
[0m[HW]   Version: Branch: HEAD Abrev. Hash: 60b0c1827d Date: Wed Mar 12 07:41:54 2025 +0000
[0m[GNB_APP]   Initialized RAN Context: RC.nb_nr_inst = 1, RC.nb_nr_macrlc_inst = 1, RC.nb_nr_L1_inst = 1, RC.nb_RU = 1, RC.nb_nr_CC[0] = 1
[0m[NR_PHY]   Initializing gNB RAN context: RC.nb_nr_L1_inst = 1 
[0m[NR_PHY]   Registered with MAC interface module (0x5993010)
[0m[NR_PHY]   Initializing NR L1: RC.nb_nr_L1_inst = 1
[0m[NR_PHY]   L1_RX_THREAD_CORE 8 (15)
[0m[NR_PHY]   TX_AMP = 3276 (-20 dBFS)
[0m[PHY]   No prs_config configuration found..!!
[0m[GNB_APP]   pdsch_AntennaPorts N1 1 N2 1 XP 2 pusch_AntennaPorts 2
[0m[GNB_APP]   minTXRXTIME 6
[0m[GNB_APP]   SIB1 TDA 15
[0m[GNB_APP]   CSI-RS 0, SRS 0, 256 QAM force off, delta_MCS off, maxMIMO_Layers -1, HARQ feedback enabled, num DLHARQ:16, num ULHARQ:16
[0m[GNB_APP]   sr_ProhibitTimer 0, sr_TransMax 64, sr_ProhibitTimer_v1700 0, t300 400, t301 400, t310 2000, n310 10, t311 3000, n311 1, t319 400
[0m[NR_MAC]   Candidates per PDCCH aggregation level on UESS: L1: 0, L2: 2, L4: 0, L8: 0, L16: 0
[0m[RRC]   Read in ServingCellConfigCommon (PhysCellId 0, ABSFREQSSB 630048, DLBand 78, ABSFREQPOINTA 1211247296, DLBW 273,RACH_TargetReceivedPower -104
[0m[RRC]   absoluteFrequencySSB 630048 corresponds to 3450720000 Hz
[0m[NR_MAC]   TDD period index = 5, based on the sum of dl_UL_TransmissionPeriodicity from Pattern1 (2.500000 ms) and Pattern2 (0.000000 ms): Total = 2.500000 ms
[0m[UTIL]   threadCreate() for MAC_STATS: creating thread with affinity ffffffff, priority 2
[0m[NR_MAC]   PUSCH Target 200, PUCCH Target 200, PUCCH Failure 10, PUSCH Failure 100
[0m[NR_PHY]   Copying 0 blacklisted PRB to L1 context
[0m[NR_MAC]   Set TX antenna number to 2, Set RX antenna number to 2 (num ssb 1: 80000000,0)
[0m[NR_MAC]   TDD period index = 5, based on the sum of dl_UL_TransmissionPeriodicity from Pattern1 (2.500000 ms) and Pattern2 (0.000000 ms): Total = 2.500000 ms
[0m[NR_MAC]   Set TDD configuration period to: 4 DL slots, 2 UL slots, 5 slots per period (NR_TDD_UL_DL_Pattern is 3 DL slots, 1 UL slots, 6 DL symbols, 4 UL symbols)
[0m[NR_MAC]   Configured 1 TDD patterns (total slots: pattern1 = 5, pattern2 = 0)
[0m[NR_PHY]   Set TDD Period Configuration: 4 periods per frame, 20 slots to be configured (4 DL, 2 UL)
[0m[NR_PHY]   TDD period configuration: slot 0 is DOWNLINK
[0m[NR_PHY]   TDD period configuration: slot 1 is DOWNLINK
[0m[NR_PHY]   TDD period configuration: slot 2 is DOWNLINK
[0m[NR_PHY]   TDD period configuration: slot 3 is FLEXIBLE: DDDDDDFFFFUUUU
[0m[NR_PHY]   TDD period configuration: slot 4 is UPLINK
[0m
Assertion (current_band != 0) failed!
In get_band() ../../../common/utils/nr/nr_common.c:478
Can't find EUTRA band for frequency 1761318324000 and duplex_spacing 0

Exiting execution
CMDLINE: "./nr-softmodem" "-O" "../../../targets/PROJECTS/GENERIC-NR-5GC/CONF/johnson/debug_case_du/9_du_gnb_freqpointA_out_of_range.conf" "--thread-pool" "9,11,13,15" 
[CONFIG] function config_libconfig_init returned 0
DL frequency 1761318324000: band 0, UL frequency 1761318324000
../../../common/utils/nr/nr_common.c:478 get_band() Exiting OAI softmodem: _Assert_Exit_
