[UTIL]   running in SA mode (no --phy-test, --do-ra, --nsa option present)
[0m[OPT]   OPT disabled
[0m[HW]   Version: Branch: HEAD Abrev. Hash: 60b0c1827d Date: Wed Mar 12 07:41:54 2025 +0000
[0m[GNB_APP]   Initialized RAN Context: RC.nb_nr_inst = 1, RC.nb_nr_macrlc_inst = 1, RC.nb_nr_L1_inst = 1, RC.nb_RU = 1, RC.nb_nr_CC[0] = 1
[0m[NR_PHY]   Initializing gNB RAN context: RC.nb_nr_L1_inst = 1 
[0m[NR_PHY]   Registered with MAC interface module (0x4b56730)
[0m[NR_PHY]   Initializing NR L1: RC.nb_nr_L1_inst = 1
[0m[NR_PHY]   L1_RX_THREAD_CORE -1 (15)
[0m[NR_PHY]   TX_AMP = 519 (-36 dBFS)
[0m[PHY]   No prs_config configuration found..!!
[0m[GNB_APP]   pdsch_AntennaPorts N1 1 N2 1 XP 1 pusch_AntennaPorts 1
[0m[GNB_APP]   minTXRXTIME 6
[0m[GNB_APP]   SIB1 TDA 1
[0m[GNB_APP]   CSI-RS 0, SRS 0, 256 QAM force off, delta_MCS off, maxMIMO_Layers -1, HARQ feedback enabled, num DLHARQ:16, num ULHARQ:16
[0m[GNB_APP]   sr_ProhibitTimer 0, sr_TransMax 64, sr_ProhibitTimer_v1700 0, t300 400, t301 400, t310 2000, n310 10, t311 3000, n311 1, t319 400
[0m[NR_MAC]   Candidates per PDCCH aggregation level on UESS: L1: 0, L2: 2, L4: 0, L8: 0, L16: 0
[0m[RRC]   Read in ServingCellConfigCommon (PhysCellId 0, ABSFREQSSB 641280, DLBand 78, ABSFREQPOINTA 640008, DLBW 106,RACH_TargetReceivedPower -96
[0m[RRC]   absoluteFrequencySSB 641280 corresponds to 3619200000 Hz
[0m[NR_MAC]   TDD period index = 6, based on the sum of dl_UL_TransmissionPeriodicity from Pattern1 (5.000000 ms) and Pattern2 (0.000000 ms): Total = 5.000000 ms
[0m[UTIL]   threadCreate() for MAC_STATS: creating thread with affinity ffffffff, priority 2
[0m[NR_MAC]   PUSCH Target 200, PUCCH Target 150, PUCCH Failure 10, PUSCH Failure 10
[0m[NR_PHY]   Copying 0 blacklisted PRB to L1 context
[0m[NR_MAC]   Set TX antenna number to 1, Set RX antenna number to 1 (num ssb 1: 80000000,0)
[0m[NR_MAC]   TDD period index = 6, based on the sum of dl_UL_TransmissionPeriodicity from Pattern1 (5.000000 ms) and Pattern2 (0.000000 ms): Total = 5.000000 ms
[0m[NR_MAC]   Set TDD configuration period to: 8 DL slots, 3 UL slots, 10 slots per period (NR_TDD_UL_DL_Pattern is 7 DL slots, 2 UL slots, 6 DL symbols, 4 UL symbols)
[0m[NR_MAC]   Configured 1 TDD patterns (total slots: pattern1 = 10, pattern2 = 0)
[0m[NR_PHY]   Set TDD Period Configuration: 2 periods per frame, 20 slots to be configured (8 DL, 3 UL)
[0m[NR_PHY]   TDD period configuration: slot 0 is DOWNLINK
[0m[NR_PHY]   TDD period configuration: slot 1 is DOWNLINK
[0m[NR_PHY]   TDD period configuration: slot 2 is DOWNLINK
[0m[NR_PHY]   TDD period configuration: slot 3 is DOWNLINK
[0m[NR_PHY]   TDD period configuration: slot 4 is DOWNLINK
[0m[NR_PHY]   TDD period configuration: slot 5 is DOWNLINK
[0m[NR_PHY]   TDD period configuration: slot 6 is DOWNLINK
[0m[NR_PHY]   TDD period configuration: slot 7 is FLEXIBLE: DDDDDDFFFFUUUU
[0m[NR_PHY]   TDD period configuration: slot 8 is UPLINK
[0m[NR_PHY]   TDD period configuration: slot 9 is UPLINK
[0m[PHY]   DL frequency 3619200000 Hz, UL frequency 3619200000 Hz: band 48, uldl offset 0 Hz
[0m[PHY]   Initializing frame parms for mu 1, N_RB 106, Ncp 0
[0m[PHY]   Init: N_RB_DL 106, first_carrier_offset 1412, nb_prefix_samples 144,nb_prefix_samples0 176, ofdm_symbol_size 2048
[0m[NR_RRC]   SIB1 freq: offsetToPointA 86
[0m[GNB_APP]   F1AP: gNB idx 0 gNB_DU_id 3584, gNB_DU_name gNB-Eurecom-DU, TAC 1 MCC/MNC/length 2/1/2 cellID 12345678
[0m[GNB_APP]   ngran_DU: Configuring Cell 0 for TDD
[0m[GNB_APP]   SDAP layer is disabled
[0m[GNB_APP]   Data Radio Bearer count 1
[0m[93m[RRC]   no preferred ciphering algorithm set in configuration file, applying default parameters (no security)
[0m[93m[RRC]   no preferred integrity algorithm set in configuration file, applying default parameters (nia2)
[0m[UTIL]   threadCreate() for TASK_SCTP: creating thread with affinity ffffffff, priority 50
[0m[X2AP]   X2AP is disabled.
[0m[UTIL]   threadCreate() for TASK_GNB_APP: creating thread with affinity ffffffff, priority 50
[0m[UTIL]   threadCreate() for TASK_GTPV1_U: creating thread with affinity ffffffff, priority 50
[0m[UTIL]   threadCreate() for TASK_DU_F1: creating thread with affinity ffffffff, priority 50
[0m[F1AP]   Starting F1AP at DU
[0m[F1AP]   F1-C DU IPaddr 127.0.0.3, connect to F1-C CU 127.0.0.4, binding GTP to 127.0.0.3
[0m[34m[F1AP]   DU Task Received F1AP_DU_REGISTER_REQ for instance 0: sending SCTP messages via assoc_id 0
[0m[34m[F1AP]   Local IPv4 Address: 127.0.0.3, Remote IPv4 Address: 127.0.0.4
[0m[GTPU]   Initializing UDP for local address 127.0.0.3 with port 2152
[0m[GTPU]   Created gtpu instance id: 94
[0m[34m[F1AP]   DU Task Received SCTP_NEW_ASSOCIATION_RESP for instance 0: sending SCTP messages via assoc_id 0
[0m[34m[F1AP]   DU_send_F1_SETUP_REQUEST
[0m[34m[F1AP]   DU Task Received SCTP_DATA_IND for instance 0: sending SCTP messages via assoc_id 386
[0m[34m[F1AP]   Calling handler with instance 0
[0m[1;31m[MAC]   the CU reported F1AP Setup Failure, is there a configuration mismatch?
[0mCMDLINE: "./nr-softmodem" "-O" "../../../targets/PROJECTS/GENERIC-NR-5GC/CONF/johnson/conf/du_confs/du_gnb.conf" "--thread-pool" "9,11,13,15" 
[CONFIG] function config_libconfig_init returned 0
DL frequency 3619200000: band 48, UL frequency 3619200000
